// Jest Snapshot v1, https://goo.gl/fbAQLP

exports[`AudioPlayer render correctly 1`] = `<audio />`;
